
> cvs@0.1.0 build
> next build

Γû▓ Next.js 16.2.4 (Turbopack)
- Environments: .env.local
- Experiments (use with caution):
  ┬╖ serverActions

  Creating an optimized production build ...
Γ£ô Compiled successfully in 21.2s
  Running TypeScript ...
  Finished TypeScript in 21.1s ...
  Collecting page data using 7 workers ...
  Generating static pages using 7 workers (0/121) ...
  Generating static pages using 7 workers (30/121) 
  Generating static pages using 7 workers (60/121) 
  Generating static pages using 7 workers (90/121) 
node.exe : Error: Dynamic server usage: Route /[locale] couldn't be rendered 
statically because it used no-store fetch 
https://cv.subcodeco.com/api/v1/public/jobs?per_page=12 /[locale]. See more 
info here: https://nextjs.org/docs/messages/dynamic-server-error
At C:\Users\El mostafa\AppData\Roaming\npm\npm.ps1:24 char:5
+     & "node$exe"  "$basedir/node_modules/npm/bin/npm-cli.js" $args
+     ~~~~~~~~~~~~~~~~~~~~~~~~~~~~~~~~~~~~~~~~~~~~~~~~~~~~~~~~~~~~~~
    + CategoryInfo          : NotSpecified: (Error: Dynamic ...ic-server-error 
   :String) [], RemoteException
    + FullyQualifiedErrorId : NativeCommandError
 
    at v (C:\Users\El mostafa\Downloads\new-cvs-main\new-cvs-main\.next\server\
chunks\ssr\[root-of-the-server]__0.angw.._.js:8:77519)
    at <unknown> (C:\Users\El mostafa\Downloads\new-cvs-main\new-cvs-main\.next
\server\chunks\ssr\[root-of-the-server]__0.angw.._.js:17:16230)
    at <unknown> (C:\Users\El mostafa\Downloads\new-cvs-main\new-cvs-main\.next
\server\chunks\ssr\[root-of-the-server]__0.angw.._.js:1:6636)
    at <unknown> (C:\Users\El mostafa\Downloads\new-cvs-main\new-cvs-main\.next
\server\chunks\ssr\[root-of-the-server]__0.angw.._.js:1:6164) {
  description: "Route /[locale] couldn't be rendered statically because it 
used no-store fetch https://cv.subcodeco.com/api/v1/public/jobs?per_page=12 
/[locale]. See more info here: 
https://nextjs.org/docs/messages/dynamic-server-error",
  digest: 'DYNAMIC_SERVER_USAGE'
}
Error: Dynamic server usage: Route /[locale] couldn't be rendered statically 
because it used no-store fetch https://cv.subcodeco.com/api/v1/categories 
/[locale]. See more info here: 
https://nextjs.org/docs/messages/dynamic-server-error
    at v (C:\Users\El mostafa\Downloads\new-cvs-main\new-cvs-main\.next\server\
chunks\ssr\[root-of-the-server]__0.angw.._.js:8:77519)
    at <unknown> (C:\Users\El mostafa\Downloads\new-cvs-main\new-cvs-main\.next
\server\chunks\ssr\[root-of-the-server]__0.angw.._.js:17:16230)
    at <unknown> (C:\Users\El mostafa\Downloads\new-cvs-main\new-cvs-main\.next
\server\chunks\ssr\[root-of-the-server]__0.angw.._.js:1:6636)
    at <unknown> (C:\Users\El mostafa\Downloads\new-cvs-main\new-cvs-main\.next
\server\chunks\ssr\[root-of-the-server]__0.angw.._.js:1:6164) {
  description: "Route /[locale] couldn't be rendered statically because it 
used no-store fetch https://cv.subcodeco.com/api/v1/categories /[locale]. See 
more info here: https://nextjs.org/docs/messages/dynamic-server-error",
  digest: 'DYNAMIC_SERVER_USAGE'
}
Error: Dynamic server usage: Route /[locale] couldn't be rendered statically 
because it used no-store fetch 
https://cv.subcodeco.com/api/v1/jobs?per_page=12 /[locale]. See more info 
here: https://nextjs.org/docs/messages/dynamic-server-error
    at v (C:\Users\El mostafa\Downloads\new-cvs-main\new-cvs-main\.next\server\
chunks\ssr\[root-of-the-server]__0.angw.._.js:8:77519)
    at <unknown> (C:\Users\El mostafa\Downloads\new-cvs-main\new-cvs-main\.next
\server\chunks\ssr\[root-of-the-server]__0.angw.._.js:17:16230)
    at <unknown> (C:\Users\El mostafa\Downloads\new-cvs-main\new-cvs-main\.next
\server\chunks\ssr\[root-of-the-server]__0.angw.._.js:1:6636)
    at <unknown> (C:\Users\El mostafa\Downloads\new-cvs-main\new-cvs-main\.next
\server\chunks\ssr\[root-of-the-server]__0.angw.._.js:1:6164) {
  description: "Route /[locale] couldn't be rendered statically because it 
used no-store fetch https://cv.subcodeco.com/api/v1/jobs?per_page=12 
/[locale]. See more info here: 
https://nextjs.org/docs/messages/dynamic-server-error",
  digest: 'DYNAMIC_SERVER_USAGE'
}
Error: Dynamic server usage: Route /[locale] couldn't be rendered statically 
because it used no-store fetch 
https://cv.subcodeco.com/api/v1/public/categories /[locale]. See more info 
here: https://nextjs.org/docs/messages/dynamic-server-error
    at v (C:\Users\El mostafa\Downloads\new-cvs-main\new-cvs-main\.next\server\
chunks\ssr\[root-of-the-server]__0.angw.._.js:8:77519)
    at <unknown> (C:\Users\El mostafa\Downloads\new-cvs-main\new-cvs-main\.next
\server\chunks\ssr\[root-of-the-server]__0.angw.._.js:17:16230)
    at <unknown> (C:\Users\El mostafa\Downloads\new-cvs-main\new-cvs-main\.next
\server\chunks\ssr\[root-of-the-server]__0.angw.._.js:1:6636)
    at <unknown> (C:\Users\El mostafa\Downloads\new-cvs-main\new-cvs-main\.next
\server\chunks\ssr\[root-of-the-server]__0.angw.._.js:1:6164) {
  description: "Route /[locale] couldn't be rendered statically because it 
used no-store fetch https://cv.subcodeco.com/api/v1/public/categories 
/[locale]. See more info here: 
https://nextjs.org/docs/messages/dynamic-server-error",
  digest: 'DYNAMIC_SERVER_USAGE'
}
Error: Dynamic server usage: Route /[locale] couldn't be rendered statically 
because it used no-store fetch 
https://cv.subcodeco.com/api/v1/public/jobs?per_page=12 /[locale]. See more 
info here: https://nextjs.org/docs/messages/dynamic-server-error
    at v (C:\Users\El mostafa\Downloads\new-cvs-main\new-cvs-main\.next\server\
chunks\ssr\[root-of-the-server]__0.angw.._.js:8:77519)
    at <unknown> (C:\Users\El mostafa\Downloads\new-cvs-main\new-cvs-main\.next
\server\chunks\ssr\[root-of-the-server]__0.angw.._.js:17:16230)
    at <unknown> (C:\Users\El mostafa\Downloads\new-cvs-main\new-cvs-main\.next
\server\chunks\ssr\[root-of-the-server]__0.angw.._.js:1:6636)
    at <unknown> (C:\Users\El mostafa\Downloads\new-cvs-main\new-cvs-main\.next
\server\chunks\ssr\[root-of-the-server]__0.angw.._.js:1:6164) {
  description: "Route /[locale] couldn't be rendered statically because it 
used no-store fetch https://cv.subcodeco.com/api/v1/public/jobs?per_page=12 
/[locale]. See more info here: 
https://nextjs.org/docs/messages/dynamic-server-error",
  digest: 'DYNAMIC_SERVER_USAGE'
}
Error: Dynamic server usage: Route /[locale] couldn't be rendered statically 
because it used no-store fetch 
https://cv.subcodeco.com/api/v1/public/categories /[locale]. See more info 
here: https://nextjs.org/docs/messages/dynamic-server-error
    at v (C:\Users\El mostafa\Downloads\new-cvs-main\new-cvs-main\.next\server\
chunks\ssr\[root-of-the-server]__0.angw.._.js:8:77519)
    at <unknown> (C:\Users\El mostafa\Downloads\new-cvs-main\new-cvs-main\.next
\server\chunks\ssr\[root-of-the-server]__0.angw.._.js:17:16230)
    at <unknown> (C:\Users\El mostafa\Downloads\new-cvs-main\new-cvs-main\.next
\server\chunks\ssr\[root-of-the-server]__0.angw.._.js:1:6636)
    at <unknown> (C:\Users\El mostafa\Downloads\new-cvs-main\new-cvs-main\.next
\server\chunks\ssr\[root-of-the-server]__0.angw.._.js:1:6164) {
  description: "Route /[locale] couldn't be rendered statically because it 
used no-store fetch https://cv.subcodeco.com/api/v1/public/categories 
/[locale]. See more info here: 
https://nextjs.org/docs/messages/dynamic-server-error",
  digest: 'DYNAMIC_SERVER_USAGE'
}
Error: Dynamic server usage: Route /[locale] couldn't be rendered statically 
because it used no-store fetch 
https://cv.subcodeco.com/api/v1/public/jobs?per_page=12 /[locale]. See more 
info here: https://nextjs.org/docs/messages/dynamic-server-error
    at v (C:\Users\El mostafa\Downloads\new-cvs-main\new-cvs-main\.next\server\
chunks\ssr\[root-of-the-server]__0.angw.._.js:8:77519)
    at <unknown> (C:\Users\El mostafa\Downloads\new-cvs-main\new-cvs-main\.next
\server\chunks\ssr\[root-of-the-server]__0.angw.._.js:17:16230)
    at <unknown> (C:\Users\El mostafa\Downloads\new-cvs-main\new-cvs-main\.next
\server\chunks\ssr\[root-of-the-server]__0.angw.._.js:1:6636)
    at <unknown> (C:\Users\El mostafa\Downloads\new-cvs-main\new-cvs-main\.next
\server\chunks\ssr\[root-of-the-server]__0.angw.._.js:1:6164) {
  description: "Route /[locale] couldn't be rendered statically because it 
used no-store fetch https://cv.subcodeco.com/api/v1/public/jobs?per_page=12 
/[locale]. See more info here: 
https://nextjs.org/docs/messages/dynamic-server-error",
  digest: 'DYNAMIC_SERVER_USAGE'
}
Error: Dynamic server usage: Route /[locale] couldn't be rendered statically 
because it used no-store fetch https://cv.subcodeco.com/api/v1/categories 
/[locale]. See more info here: 
https://nextjs.org/docs/messages/dynamic-server-error
    at v (C:\Users\El mostafa\Downloads\new-cvs-main\new-cvs-main\.next\server\
chunks\ssr\[root-of-the-server]__0.angw.._.js:8:77519)
    at <unknown> (C:\Users\El mostafa\Downloads\new-cvs-main\new-cvs-main\.next
\server\chunks\ssr\[root-of-the-server]__0.angw.._.js:17:16230)
    at <unknown> (C:\Users\El mostafa\Downloads\new-cvs-main\new-cvs-main\.next
\server\chunks\ssr\[root-of-the-server]__0.angw.._.js:1:6636)
    at <unknown> (C:\Users\El mostafa\Downloads\new-cvs-main\new-cvs-main\.next
\server\chunks\ssr\[root-of-the-server]__0.angw.._.js:1:6164) {
  description: "Route /[locale] couldn't be rendered statically because it 
used no-store fetch https://cv.subcodeco.com/api/v1/categories /[locale]. See 
more info here: https://nextjs.org/docs/messages/dynamic-server-error",
  digest: 'DYNAMIC_SERVER_USAGE'
}
Error: Dynamic server usage: Route /[locale] couldn't be rendered statically 
because it used no-store fetch 
https://cv.subcodeco.com/api/v1/jobs?per_page=12 /[locale]. See more info 
here: https://nextjs.org/docs/messages/dynamic-server-error
    at v (C:\Users\El mostafa\Downloads\new-cvs-main\new-cvs-main\.next\server\
chunks\ssr\[root-of-the-server]__0.angw.._.js:8:77519)
    at <unknown> (C:\Users\El mostafa\Downloads\new-cvs-main\new-cvs-main\.next
\server\chunks\ssr\[root-of-the-server]__0.angw.._.js:17:16230)
    at <unknown> (C:\Users\El mostafa\Downloads\new-cvs-main\new-cvs-main\.next
\server\chunks\ssr\[root-of-the-server]__0.angw.._.js:1:6636)
    at <unknown> (C:\Users\El mostafa\Downloads\new-cvs-main\new-cvs-main\.next
\server\chunks\ssr\[root-of-the-server]__0.angw.._.js:1:6164) {
  description: "Route /[locale] couldn't be rendered statically because it 
used no-store fetch https://cv.subcodeco.com/api/v1/jobs?per_page=12 
/[locale]. See more info here: 
https://nextjs.org/docs/messages/dynamic-server-error",
  digest: 'DYNAMIC_SERVER_USAGE'
}
Error: Dynamic server usage: Route /[locale] couldn't be rendered statically 
because it used no-store fetch 
https://cv.subcodeco.com/api/v1/public/categories /[locale]. See more info 
here: https://nextjs.org/docs/messages/dynamic-server-error
    at v (C:\Users\El mostafa\Downloads\new-cvs-main\new-cvs-main\.next\server\
chunks\ssr\[root-of-the-server]__0.angw.._.js:8:77519)
    at <unknown> (C:\Users\El mostafa\Downloads\new-cvs-main\new-cvs-main\.next
\server\chunks\ssr\[root-of-the-server]__0.angw.._.js:17:16230)
    at <unknown> (C:\Users\El mostafa\Downloads\new-cvs-main\new-cvs-main\.next
\server\chunks\ssr\[root-of-the-server]__0.angw.._.js:1:6636)
    at <unknown> (C:\Users\El mostafa\Downloads\new-cvs-main\new-cvs-main\.next
\server\chunks\ssr\[root-of-the-server]__0.angw.._.js:1:6164) {
  description: "Route /[locale] couldn't be rendered statically because it 
used no-store fetch https://cv.subcodeco.com/api/v1/public/categories 
/[locale]. See more info here: 
https://nextjs.org/docs/messages/dynamic-server-error",
  digest: 'DYNAMIC_SERVER_USAGE'
}
Error: Dynamic server usage: Route /[locale] couldn't be rendered statically 
because it used no-store fetch 
https://cv.subcodeco.com/api/v1/public/jobs?per_page=12 /[locale]. See more 
info here: https://nextjs.org/docs/messages/dynamic-server-error
    at v (C:\Users\El mostafa\Downloads\new-cvs-main\new-cvs-main\.next\server\
chunks\ssr\[root-of-the-server]__0.angw.._.js:8:77519)
    at <unknown> (C:\Users\El mostafa\Downloads\new-cvs-main\new-cvs-main\.next
\server\chunks\ssr\[root-of-the-server]__0.angw.._.js:17:16230)
    at <unknown> (C:\Users\El mostafa\Downloads\new-cvs-main\new-cvs-main\.next
\server\chunks\ssr\[root-of-the-server]__0.angw.._.js:1:6636)
    at <unknown> (C:\Users\El mostafa\Downloads\new-cvs-main\new-cvs-main\.next
\server\chunks\ssr\[root-of-the-server]__0.angw.._.js:1:6164) {
  description: "Route /[locale] couldn't be rendered statically because it 
used no-store fetch https://cv.subcodeco.com/api/v1/public/jobs?per_page=12 
/[locale]. See more info here: 
https://nextjs.org/docs/messages/dynamic-server-error",
  digest: 'DYNAMIC_SERVER_USAGE'
}
Error: Dynamic server usage: Route /[locale] couldn't be rendered statically 
because it used no-store fetch 
https://cv.subcodeco.com/api/v1/public/categories /[locale]. See more info 
here: https://nextjs.org/docs/messages/dynamic-server-error
    at v (C:\Users\El mostafa\Downloads\new-cvs-main\new-cvs-main\.next\server\
chunks\ssr\[root-of-the-server]__0.angw.._.js:8:77519)
    at <unknown> (C:\Users\El mostafa\Downloads\new-cvs-main\new-cvs-main\.next
\server\chunks\ssr\[root-of-the-server]__0.angw.._.js:17:16230)
    at <unknown> (C:\Users\El mostafa\Downloads\new-cvs-main\new-cvs-main\.next
\server\chunks\ssr\[root-of-the-server]__0.angw.._.js:1:6636)
    at <unknown> (C:\Users\El mostafa\Downloads\new-cvs-main\new-cvs-main\.next
\server\chunks\ssr\[root-of-the-server]__0.angw.._.js:1:6164) {
  description: "Route /[locale] couldn't be rendered statically because it 
used no-store fetch https://cv.subcodeco.com/api/v1/public/categories 
/[locale]. See more info here: 
https://nextjs.org/docs/messages/dynamic-server-error",
  digest: 'DYNAMIC_SERVER_USAGE'
}
Error: Dynamic server usage: Route /[locale] couldn't be rendered statically 
because it used no-store fetch 
https://cv.subcodeco.com/api/v1/public/jobs?per_page=12 /[locale]. See more 
info here: https://nextjs.org/docs/messages/dynamic-server-error
    at v (C:\Users\El mostafa\Downloads\new-cvs-main\new-cvs-main\.next\server\
chunks\ssr\[root-of-the-server]__0.angw.._.js:8:77519)
    at <unknown> (C:\Users\El mostafa\Downloads\new-cvs-main\new-cvs-main\.next
\server\chunks\ssr\[root-of-the-server]__0.angw.._.js:17:16230)
    at <unknown> (C:\Users\El mostafa\Downloads\new-cvs-main\new-cvs-main\.next
\server\chunks\ssr\[root-of-the-server]__0.angw.._.js:1:6636)
    at <unknown> (C:\Users\El mostafa\Downloads\new-cvs-main\new-cvs-main\.next
\server\chunks\ssr\[root-of-the-server]__0.angw.._.js:1:6164) {
  description: "Route /[locale] couldn't be rendered statically because it 
used no-store fetch https://cv.subcodeco.com/api/v1/public/jobs?per_page=12 
/[locale]. See more info here: 
https://nextjs.org/docs/messages/dynamic-server-error",
  digest: 'DYNAMIC_SERVER_USAGE'
}
Error: Dynamic server usage: Route /[locale] couldn't be rendered statically 
because it used no-store fetch https://cv.subcodeco.com/api/v1/categories 
/[locale]. See more info here: 
https://nextjs.org/docs/messages/dynamic-server-error
    at v (C:\Users\El mostafa\Downloads\new-cvs-main\new-cvs-main\.next\server\
chunks\ssr\[root-of-the-server]__0.angw.._.js:8:77519)
    at <unknown> (C:\Users\El mostafa\Downloads\new-cvs-main\new-cvs-main\.next
\server\chunks\ssr\[root-of-the-server]__0.angw.._.js:17:16230)
    at <unknown> (C:\Users\El mostafa\Downloads\new-cvs-main\new-cvs-main\.next
\server\chunks\ssr\[root-of-the-server]__0.angw.._.js:1:6636)
    at <unknown> (C:\Users\El mostafa\Downloads\new-cvs-main\new-cvs-main\.next
\server\chunks\ssr\[root-of-the-server]__0.angw.._.js:1:6164) {
  description: "Route /[locale] couldn't be rendered statically because it 
used no-store fetch https://cv.subcodeco.com/api/v1/categories /[locale]. See 
more info here: https://nextjs.org/docs/messages/dynamic-server-error",
  digest: 'DYNAMIC_SERVER_USAGE'
}
Error: Dynamic server usage: Route /[locale] couldn't be rendered statically 
because it used no-store fetch 
https://cv.subcodeco.com/api/v1/jobs?per_page=12 /[locale]. See more info 
here: https://nextjs.org/docs/messages/dynamic-server-error
    at v (C:\Users\El mostafa\Downloads\new-cvs-main\new-cvs-main\.next\server\
chunks\ssr\[root-of-the-server]__0.angw.._.js:8:77519)
    at <unknown> (C:\Users\El mostafa\Downloads\new-cvs-main\new-cvs-main\.next
\server\chunks\ssr\[root-of-the-server]__0.angw.._.js:17:16230)
    at <unknown> (C:\Users\El mostafa\Downloads\new-cvs-main\new-cvs-main\.next
\server\chunks\ssr\[root-of-the-server]__0.angw.._.js:1:6636)
    at <unknown> (C:\Users\El mostafa\Downloads\new-cvs-main\new-cvs-main\.next
\server\chunks\ssr\[root-of-the-server]__0.angw.._.js:1:6164) {
  description: "Route /[locale] couldn't be rendered statically because it 
used no-store fetch https://cv.subcodeco.com/api/v1/jobs?per_page=12 
/[locale]. See more info here: 
https://nextjs.org/docs/messages/dynamic-server-error",
  digest: 'DYNAMIC_SERVER_USAGE'
}
Error: Dynamic server usage: Route /[locale] couldn't be rendered statically 
because it used no-store fetch 
https://cv.subcodeco.com/api/v1/public/categories /[locale]. See more info 
here: https://nextjs.org/docs/messages/dynamic-server-error
    at v (C:\Users\El mostafa\Downloads\new-cvs-main\new-cvs-main\.next\server\
chunks\ssr\[root-of-the-server]__0.angw.._.js:8:77519)
    at <unknown> (C:\Users\El mostafa\Downloads\new-cvs-main\new-cvs-main\.next
\server\chunks\ssr\[root-of-the-server]__0.angw.._.js:17:16230)
    at <unknown> (C:\Users\El mostafa\Downloads\new-cvs-main\new-cvs-main\.next
\server\chunks\ssr\[root-of-the-server]__0.angw.._.js:1:6636)
    at <unknown> (C:\Users\El mostafa\Downloads\new-cvs-main\new-cvs-main\.next
\server\chunks\ssr\[root-of-the-server]__0.angw.._.js:1:6164) {
  description: "Route /[locale] couldn't be rendered statically because it 
used no-store fetch https://cv.subcodeco.com/api/v1/public/categories 
/[locale]. See more info here: 
https://nextjs.org/docs/messages/dynamic-server-error",
  digest: 'DYNAMIC_SERVER_USAGE'
}
Error: Dynamic server usage: Route /[locale] couldn't be rendered statically 
because it used no-store fetch 
https://cv.subcodeco.com/api/v1/public/jobs?per_page=12 /[locale]. See more 
info here: https://nextjs.org/docs/messages/dynamic-server-error
    at v (C:\Users\El mostafa\Downloads\new-cvs-main\new-cvs-main\.next\server\
chunks\ssr\[root-of-the-server]__0.angw.._.js:8:77519)
Γ£ô Generating static pages using 7 workers (121/121) in 1240ms
  Finalizing page optimization ...

Route (app)
Γöî Γùï /_not-found
Γö£ ╞Æ /[locale]
Γö£ ╞Æ /[locale]/about
Γö£ ╞Æ /[locale]/contact
    at <unknown> (C:\Users\El mostafa\Downloads\new-cvs-main\new-cvs-main\.next
\server\chunks\ssr\[root-of-the-server]__0.angw.._.js:17:16230)
    at <unknown> (C:\Users\El mostafa\Downloads\new-cvs-main\new-cvs-main\.next
\server\chunks\ssr\[root-of-the-server]__0.angw.._.js:1:6636)
    at <unknown> (C:\Users\El mostafa\Downloads\new-cvs-main\new-cvs-main\.next
\server\chunks\ssr\[root-of-the-server]__0.angw.._.js:1:6164) {
  description: "Route /[locale] couldn't be rendered statically because it 
used no-store fetch https://cv.subcodeco.com/api/v1/public/jobs?per_page=12 
/[locale]. See more info here: 
https://nextjs.org/docs/messages/dynamic-server-error",
  digest: 'DYNAMIC_SERVER_USAGE'
}
Γö£ ╞Æ /[locale]/dashboard
Γö£ ╞Æ /[locale]/dashboard/admin
Γö£ ╞Æ /[locale]/dashboard/admin/about
Γö£ ╞Æ /[locale]/dashboard/admin/companies
Γö£ ╞Æ /[locale]/dashboard/admin/jobs
Γö£ ╞Æ /[locale]/dashboard/admin/jobs/[id]
Γö£ ╞Æ /[locale]/dashboard/admin/jobs/[id]/applications
Γö£ ╞Æ /[locale]/dashboard/admin/news
Γö£ ╞Æ /[locale]/dashboard/admin/notifications
Γö£ ╞Æ /[locale]/dashboard/admin/settings
Γö£ ╞Æ /[locale]/dashboard/admin/success-stories
Γö£ ╞Æ /[locale]/dashboard/admin/users
Γö£ ╞Æ /[locale]/dashboard/company
Γö£ ╞Æ /[locale]/dashboard/company/applicants
Γö£ ╞Æ /[locale]/dashboard/company/jobs
Γö£ ╞Æ /[locale]/dashboard/company/jobs/[id]
Γö£ ╞Æ /[locale]/dashboard/company/jobs/[id]/applications
Γö£ ╞Æ /[locale]/dashboard/company/jobs/create
Γö£ ╞Æ /[locale]/dashboard/company/profile
Γö£ ╞Æ /[locale]/dashboard/company/tickets
Γö£ ╞Æ /[locale]/dashboard/user
Γö£ ╞Æ /[locale]/dashboard/user/applications
Γö£ ╞Æ /[locale]/dashboard/user/education
Γö£ ╞Æ /[locale]/dashboard/user/favourites
Γö£ ╞Æ /[locale]/dashboard/user/profile
Γö£ ╞Æ /[locale]/dashboard/user/tickets
Γö£ ╞Æ /[locale]/forgot-password
Γö£ ╞Æ /[locale]/jobs
Error: Dynamic server usage: Route /[locale] couldn't be rendered statically 
because it used no-store fetch 
https://cv.subcodeco.com/api/v1/public/categories /[locale]. See more info 
here: https://nextjs.org/docs/messages/dynamic-server-error
    at v (C:\Users\El mostafa\Downloads\new-cvs-main\new-cvs-main\.next\server\
chunks\ssr\[root-of-the-server]__0.angw.._.js:8:77519)
    at <unknown> (C:\Users\El mostafa\Downloads\new-cvs-main\new-cvs-main\.next
\server\chunks\ssr\[root-of-the-server]__0.angw.._.js:17:16230)
    at <unknown> (C:\Users\El mostafa\Downloads\new-cvs-main\new-cvs-main\.next
\server\chunks\ssr\[root-of-the-server]__0.angw.._.js:1:6636)
    at <unknown> (C:\Users\El mostafa\Downloads\new-cvs-main\new-cvs-main\.next
\server\chunks\ssr\[root-of-the-server]__0.angw.._.js:1:6164) {
  description: "Route /[locale] couldn't be rendered statically because it 
used no-store fetch https://cv.subcodeco.com/api/v1/public/categories 
/[locale]. See more info here: 
https://nextjs.org/docs/messages/dynamic-server-error",
  digest: 'DYNAMIC_SERVER_USAGE'
Γö£ ╞Æ /[locale]/jobs/[id]
Γö£ ╞Æ /[locale]/news
Γö£ ╞Æ /[locale]/news/[slug]
Γö£ ╞Æ /[locale]/services
Γö£ ╞Æ /[locale]/sign-in
Γö£ ╞Æ /[locale]/sign-up
Γö£ ╞Æ /[locale]/verify-email
Γö£ ╞Æ /api/auth/forgot-password
Γö£ ╞Æ /api/auth/login
Γö£ ╞Æ /api/auth/logout
Γö£ ╞Æ /api/auth/profile
Γö£ ╞Æ /api/auth/profile/avatar
Γö£ ╞Æ /api/auth/profile/password
Γö£ ╞Æ /api/auth/refresh
Γö£ ╞Æ /api/auth/register
Γö£ ╞Æ /api/auth/resend-verification
Γö£ ╞Æ /api/auth/reset-password
Γö£ ╞Æ /api/auth/session
Γö£ ╞Æ /api/auth/verify
Γö£ ╞Æ /api/auth/verify-reset-code
Γö£ ╞Æ /api/categories
Γö£ ╞Æ /api/cities
Γö£ ╞Æ /api/company-types
Γö£ ╞Æ /api/company/jobs
Γö£ ╞Æ /api/countries
Γö£ ╞Æ /api/notifications
Γö£ ╞Æ /api/notifications/[id]/read
Γö£ ╞Æ /api/notifications/unread-count
}
Γö£ Γùï /robots.txt
Γöö Γùï /sitemap.xml


╞Æ Proxy (Middleware)

Γùï  (Static)   prerendered as static content
╞Æ  (Dynamic)  server-rendered on demand

